\BOOKMARK [1][-]{section.0.1}{Name of the section to be used by the reference}{}% 1
